# 路由访问控制 golden manifest —— 由 `go test -run TestRouteManifest -update-routes` 生成。
# 格式: METHOD<TAB>PATH<TAB>CLASS<TAB>PERM(-表示无)。新增/改动路由后重新生成并人工审查 diff。
DELETE	/api/v1/alerts/whitelist/:id	authenticated-perm	alerts:manage
DELETE	/api/v1/antivirus/tasks/:id	authenticated-perm	virus:manage
DELETE	/api/v1/business-lines/:id	authenticated-perm	assets:manage
DELETE	/api/v1/components/:id	authenticated-perm	operations:manage
DELETE	/api/v1/components/:id/versions/:version_id	authenticated-perm	operations:manage
DELETE	/api/v1/detection-rules/:id	authenticated-perm	detection:manage
DELETE	/api/v1/fim/policies/:id	authenticated-perm	fim:manage
DELETE	/api/v1/fix-tasks/:task_id	authenticated-perm	baseline:manage
DELETE	/api/v1/hosts/:host_id	authenticated-perm	assets:manage
DELETE	/api/v1/hunting/queries/:id	authenticated-perm	detection:manage
DELETE	/api/v1/images/registries/:id	authenticated-perm	vuln:manage
DELETE	/api/v1/internal/ac/deregister	internal	-
DELETE	/api/v1/kube/baseline-rules/:id	authenticated-perm	kube:manage
DELETE	/api/v1/kube/baseline-rules/expression-templates/:id	authenticated-perm	kube:manage
DELETE	/api/v1/kube/clusters/:id	authenticated-perm	kube:manage
DELETE	/api/v1/kube/clusters/:id/gcp-config	authenticated-perm	kube:manage
DELETE	/api/v1/kube/clusters/:id/scanner	authenticated-perm	kube:manage
DELETE	/api/v1/kube/whitelist/:id	authenticated-perm	kube:manage
DELETE	/api/v1/network-block/rules/:id	authenticated-perm	operations:manage
DELETE	/api/v1/notifications/:id	authenticated-perm	system_config:manage
DELETE	/api/v1/packages/:id	authenticated-perm	operations:manage
DELETE	/api/v1/policies/:policy_id	authenticated-perm	baseline:manage
DELETE	/api/v1/policy-groups/:id	authenticated-perm	baseline:manage
DELETE	/api/v1/quarantine/files/:id	authenticated-perm	virus:respond
DELETE	/api/v1/rbac/roles/:role	authenticated-perm	user_manage:manage
DELETE	/api/v1/remediation-policies/:id	authenticated-perm	vuln:manage
DELETE	/api/v1/reports/generated/:id	authenticated-perm	operations:manage
DELETE	/api/v1/rules/:rule_id	authenticated-perm	baseline:manage
DELETE	/api/v1/system/backups/:id	authenticated-perm	operations:manage
DELETE	/api/v1/tasks/:task_id	authenticated-perm	baseline:manage
DELETE	/api/v1/threat-intel/local-iocs/:id	authenticated-perm	detection:manage
DELETE	/api/v1/threat-intel/schedules/:id	authenticated-perm	detection:manage
DELETE	/api/v1/users/:id	authenticated-perm	user_manage:manage
DELETE	/api/v1/vulnerabilities/schedules/:id	authenticated-perm	vuln:manage
GET	/agent/install.sh	public	-
GET	/agent/uninstall.sh	public	-
GET	/api/v1/ad-audit/alerts	authenticated-perm	detection:view
GET	/api/v1/ad-audit/events	authenticated-perm	detection:view
GET	/api/v1/ad-audit/stats	authenticated-perm	detection:view
GET	/api/v1/agent/download/:pkg_type/:arch	public	-
GET	/api/v1/agent/update-check	public	-
GET	/api/v1/alerts	authenticated-perm	alerts:view
GET	/api/v1/alerts/:id	authenticated-perm	alerts:view
GET	/api/v1/alerts/:id/context	authenticated-perm	alerts:view
GET	/api/v1/alerts/statistics	authenticated-perm	alerts:view
GET	/api/v1/alerts/whitelist	authenticated-perm	alerts:view
GET	/api/v1/alerts/whitelist/suggestions	authenticated-perm	alerts:view
GET	/api/v1/anomalies	authenticated-perm	alerts:view
GET	/api/v1/anomalies/mode-readiness	authenticated-perm	alerts:view
GET	/api/v1/anomalies/quality	authenticated-perm	alerts:view
GET	/api/v1/anomalies/stats	authenticated-perm	alerts:view
GET	/api/v1/antivirus/results	authenticated-perm	virus:view
GET	/api/v1/antivirus/results/:id	authenticated-perm	virus:view
GET	/api/v1/antivirus/statistics	authenticated-perm	virus:view
GET	/api/v1/antivirus/tasks	authenticated-perm	virus:view
GET	/api/v1/antivirus/tasks/:id	authenticated-perm	virus:view
GET	/api/v1/antivirus/virus-db/history	authenticated-perm	virus:view
GET	/api/v1/antivirus/virus-db/status	authenticated-perm	virus:view
GET	/api/v1/assets/apps	authenticated-perm	assets:view
GET	/api/v1/assets/containers	authenticated-perm	assets:view
GET	/api/v1/assets/crons	authenticated-perm	assets:view
GET	/api/v1/assets/export	authenticated-perm	assets:view
GET	/api/v1/assets/history	authenticated-perm	assets:view
GET	/api/v1/assets/kmods	authenticated-perm	assets:view
GET	/api/v1/assets/network-interfaces	authenticated-perm	assets:view
GET	/api/v1/assets/overview	authenticated-perm	assets:view
GET	/api/v1/assets/ports	authenticated-perm	assets:view
GET	/api/v1/assets/processes	authenticated-perm	assets:view
GET	/api/v1/assets/relations	authenticated-perm	assets:view
GET	/api/v1/assets/sbom	authenticated-perm	assets:view
GET	/api/v1/assets/services	authenticated-perm	assets:view
GET	/api/v1/assets/software	authenticated-perm	assets:view
GET	/api/v1/assets/statistics	authenticated-perm	assets:view
GET	/api/v1/assets/status	authenticated-perm	assets:view
GET	/api/v1/assets/top	authenticated-perm	assets:view
GET	/api/v1/assets/users	authenticated-perm	assets:view
GET	/api/v1/assets/volumes	authenticated-perm	assets:view
GET	/api/v1/audit-logs	authenticated-perm	audit_log:view
GET	/api/v1/auth/captcha	public	-
GET	/api/v1/auth/me	authenticated-basic	-
GET	/api/v1/bde/alerts	authenticated-perm	detection:view
GET	/api/v1/bde/baseline/states	authenticated-perm	detection:view
GET	/api/v1/bde/baseline/stats	authenticated-perm	detection:view
GET	/api/v1/business-lines	authenticated-perm	assets:view
GET	/api/v1/business-lines/:id	authenticated-perm	assets:view
GET	/api/v1/components	authenticated-perm	operations:view
GET	/api/v1/components/:id	authenticated-perm	operations:view
GET	/api/v1/components/:id/versions	authenticated-perm	operations:view
GET	/api/v1/components/:id/versions/:version_id	authenticated-perm	operations:view
GET	/api/v1/components/plugin-status	authenticated-perm	operations:view
GET	/api/v1/components/push-records	authenticated-perm	operations:view
GET	/api/v1/components/push-records/:id	authenticated-perm	operations:view
GET	/api/v1/dashboard/stats	authenticated-perm	dashboard:view
GET	/api/v1/dependency/download/:name	public	-
GET	/api/v1/detection-rules	authenticated-perm	detection:view
GET	/api/v1/detection-rules/:id	authenticated-perm	detection:view
GET	/api/v1/detection-rules/:id/promotion	authenticated-perm	detection:view
GET	/api/v1/detection-rules/:id/quality	authenticated-perm	detection:view
GET	/api/v1/detection-rules/categories	authenticated-perm	detection:view
GET	/api/v1/detection-rules/mitre-ids	authenticated-perm	detection:view
GET	/api/v1/detection-rules/statistics	authenticated-perm	detection:view
GET	/api/v1/discovery/agentcenter	authenticated-perm	monitoring:view
GET	/api/v1/edr/events	authenticated-perm	detection:view
GET	/api/v1/edr/events/detail	authenticated-perm	detection:view
GET	/api/v1/edr/events/stats	authenticated-perm	detection:view
GET	/api/v1/feature-flags	authenticated-perm	system_config:view
GET	/api/v1/fim/baselines	authenticated-perm	fim:view
GET	/api/v1/fim/baselines/:id	authenticated-perm	fim:view
GET	/api/v1/fim/events	authenticated-perm	fim:view
GET	/api/v1/fim/events/:id	authenticated-perm	fim:view
GET	/api/v1/fim/events/stats	authenticated-perm	fim:view
GET	/api/v1/fim/policies	authenticated-perm	fim:view
GET	/api/v1/fim/policies/:id	authenticated-perm	fim:view
GET	/api/v1/fim/tasks	authenticated-perm	fim:view
GET	/api/v1/fim/tasks/:id	authenticated-perm	fim:view
GET	/api/v1/fix-tasks	authenticated-perm	baseline:view
GET	/api/v1/fix-tasks/:task_id	authenticated-perm	baseline:view
GET	/api/v1/fix-tasks/:task_id/host-status	authenticated-perm	baseline:view
GET	/api/v1/fix-tasks/:task_id/results	authenticated-perm	baseline:view
GET	/api/v1/fix/fixable-items	authenticated-perm	baseline:view
GET	/api/v1/health	public	-
GET	/api/v1/hosts	authenticated-perm	assets:view
GET	/api/v1/hosts/:host_id	authenticated-perm	assets:view
GET	/api/v1/hosts/:host_id/isolation-status	authenticated-perm	assets:view
GET	/api/v1/hosts/:host_id/metrics	authenticated-perm	assets:view
GET	/api/v1/hosts/:host_id/plugins	authenticated-perm	assets:view
GET	/api/v1/hosts/:host_id/risk-statistics	authenticated-perm	assets:view
GET	/api/v1/hosts/isolations	authenticated-perm	assets:view
GET	/api/v1/hosts/os-distribution	authenticated-perm	assets:view
GET	/api/v1/hosts/restart-records	authenticated-perm	assets:view
GET	/api/v1/hosts/risk-distribution	authenticated-perm	assets:view
GET	/api/v1/hosts/status-distribution	authenticated-perm	assets:view
GET	/api/v1/hunting/queries	authenticated-perm	detection:view
GET	/api/v1/images/registries	authenticated-perm	vuln:view
GET	/api/v1/images/scans	authenticated-perm	vuln:view
GET	/api/v1/images/scans/:id	authenticated-perm	vuln:view
GET	/api/v1/images/scans/:id/vulns	authenticated-perm	vuln:view
GET	/api/v1/incidents	authenticated-perm	alerts:view
GET	/api/v1/incidents/:id	authenticated-perm	alerts:view
GET	/api/v1/incidents/:id/timeline	authenticated-perm	alerts:view
GET	/api/v1/inspection/overview	authenticated-perm	operations:view
GET	/api/v1/kube/alarms	authenticated-perm	kube:view
GET	/api/v1/kube/baseline	authenticated-perm	kube:view
GET	/api/v1/kube/baseline-alerts	authenticated-perm	kube:view
GET	/api/v1/kube/baseline-rules	authenticated-perm	kube:view
GET	/api/v1/kube/baseline-rules/:id	authenticated-perm	kube:view
GET	/api/v1/kube/baseline-rules/export	authenticated-perm	kube:view
GET	/api/v1/kube/baseline-rules/expression-templates	authenticated-perm	kube:view
GET	/api/v1/kube/baseline-tasks	authenticated-perm	kube:view
GET	/api/v1/kube/baseline-tasks/:id	authenticated-perm	kube:view
GET	/api/v1/kube/baseline/:id	authenticated-perm	kube:view
GET	/api/v1/kube/baseline/trend	authenticated-perm	kube:view
GET	/api/v1/kube/clusters	authenticated-perm	kube:view
GET	/api/v1/kube/clusters/:id	authenticated-perm	kube:view
GET	/api/v1/kube/clusters/:id/nodes	authenticated-perm	kube:view
GET	/api/v1/kube/clusters/:id/pods	authenticated-perm	kube:view
GET	/api/v1/kube/clusters/:id/scanner/manifest	authenticated-perm	kube:view
GET	/api/v1/kube/clusters/:id/scanner/preflight	authenticated-perm	kube:view
GET	/api/v1/kube/clusters/:id/scanner/status	authenticated-perm	kube:view
GET	/api/v1/kube/clusters/:id/workloads	authenticated-perm	kube:view
GET	/api/v1/kube/events	authenticated-perm	kube:view
GET	/api/v1/kube/stats/alarm-trend	authenticated-perm	kube:view
GET	/api/v1/kube/stats/summary	authenticated-perm	kube:view
GET	/api/v1/kube/whitelist	authenticated-perm	kube:view
GET	/api/v1/memory-threats	authenticated-perm	virus:view
GET	/api/v1/memory-threats/stats	authenticated-perm	virus:view
GET	/api/v1/monitor/host	authenticated-perm	monitoring:view
GET	/api/v1/monitor/service-alerts	authenticated-perm	monitoring:view
GET	/api/v1/monitor/services	authenticated-perm	monitoring:view
GET	/api/v1/monitor/services/:name/history	authenticated-perm	monitoring:view
GET	/api/v1/monitor/slo	authenticated-perm	monitoring:view
GET	/api/v1/network-block/rules	authenticated-perm	operations:view
GET	/api/v1/notifications	authenticated-perm	system_config:view
GET	/api/v1/notifications/:id	authenticated-perm	system_config:view
GET	/api/v1/oncall/current	authenticated-perm	alerts:view
GET	/api/v1/oncall/shifts	authenticated-perm	alerts:view
GET	/api/v1/plugins/download/:name	public	-
GET	/api/v1/policies	authenticated-perm	baseline:view
GET	/api/v1/policies/:policy_id	authenticated-perm	baseline:view
GET	/api/v1/policies/:policy_id/export	authenticated-perm	baseline:view
GET	/api/v1/policies/:policy_id/rules	authenticated-perm	baseline:view
GET	/api/v1/policies/:policy_id/statistics	authenticated-perm	baseline:view
GET	/api/v1/policies/custom-exec-rules	authenticated-perm	baseline:view
GET	/api/v1/policies/export	authenticated-perm	baseline:view
GET	/api/v1/policy-groups	authenticated-perm	baseline:view
GET	/api/v1/policy-groups/:id	authenticated-perm	baseline:view
GET	/api/v1/policy-groups/:id/statistics	authenticated-perm	baseline:view
GET	/api/v1/quarantine/files	authenticated-perm	virus:view
GET	/api/v1/quarantine/files/:id	authenticated-perm	virus:view
GET	/api/v1/quarantine/statistics	authenticated-perm	virus:view
GET	/api/v1/rbac/permissions	authenticated-perm	user_manage:view
GET	/api/v1/rbac/roles	authenticated-perm	user_manage:view
GET	/api/v1/rbac/roles/:role/permissions	authenticated-perm	user_manage:view
GET	/api/v1/remediation-policies	authenticated-perm	vuln:view
GET	/api/v1/remediation-policies/:id	authenticated-perm	vuln:view
GET	/api/v1/remediation-policies/:id/executions	authenticated-perm	vuln:view
GET	/api/v1/remediation-tasks	authenticated-perm	vuln:view
GET	/api/v1/remediation-tasks/:id	authenticated-perm	vuln:view
GET	/api/v1/remediation-tasks/:id/events	authenticated-perm	vuln:view
GET	/api/v1/remediation-tasks/:id/events/stream	authenticated-perm	vuln:view
GET	/api/v1/remediation-tasks/stats	authenticated-perm	vuln:view
GET	/api/v1/reports/antivirus	authenticated-perm	operations:view
GET	/api/v1/reports/antivirus/:task_id/executive	authenticated-perm	operations:view
GET	/api/v1/reports/antivirus/pdf	authenticated-perm	operations:view
GET	/api/v1/reports/baseline-score-trend	authenticated-perm	operations:view
GET	/api/v1/reports/check-result-trend	authenticated-perm	operations:view
GET	/api/v1/reports/edr	authenticated-perm	operations:view
GET	/api/v1/reports/edr/executive	authenticated-perm	operations:view
GET	/api/v1/reports/edr/pdf	authenticated-perm	operations:view
GET	/api/v1/reports/generated	authenticated-perm	operations:view
GET	/api/v1/reports/generated/:id	authenticated-perm	operations:view
GET	/api/v1/reports/kube	authenticated-perm	operations:view
GET	/api/v1/reports/kube/executive	authenticated-perm	operations:view
GET	/api/v1/reports/kube/pdf	authenticated-perm	operations:view
GET	/api/v1/reports/remediation/executive	authenticated-perm	operations:view
GET	/api/v1/reports/stats	authenticated-perm	operations:view
GET	/api/v1/reports/task/:task_id	authenticated-perm	operations:view
GET	/api/v1/reports/task/:task_id/executive	authenticated-perm	operations:view
GET	/api/v1/reports/task/:task_id/host/:host_id	authenticated-perm	operations:view
GET	/api/v1/reports/task/:task_id/pdf	authenticated-perm	operations:view
GET	/api/v1/reports/top-failed-rules	authenticated-perm	operations:view
GET	/api/v1/reports/top-risk-hosts	authenticated-perm	operations:view
GET	/api/v1/reports/vulnerability	authenticated-perm	operations:view
GET	/api/v1/reports/vulnerability/executive	authenticated-perm	operations:view
GET	/api/v1/reports/vulnerability/pdf	authenticated-perm	operations:view
GET	/api/v1/response-actions	authenticated-perm	alerts:view
GET	/api/v1/results	authenticated-perm	baseline:view
GET	/api/v1/results/detail	authenticated-perm	baseline:view
GET	/api/v1/results/host/:host_id/export	authenticated-perm	baseline:view
GET	/api/v1/results/host/:host_id/score	authenticated-perm	baseline:view
GET	/api/v1/results/host/:host_id/summary	authenticated-perm	baseline:view
GET	/api/v1/retention-policies	authenticated-perm	system_config:view
GET	/api/v1/rootkit/findings	authenticated-perm	virus:view
GET	/api/v1/rules/:rule_id	authenticated-perm	baseline:view
GET	/api/v1/sbom/projects	authenticated-perm	vuln:view
GET	/api/v1/sbom/projects/:name	authenticated-perm	vuln:view
GET	/api/v1/screen/alerts/stream	authenticated-perm	dashboard:view
GET	/api/v1/screen/attack-sources	authenticated-perm	dashboard:view
GET	/api/v1/screen/overview	authenticated-perm	dashboard:view
GET	/api/v1/storylines	authenticated-perm	alerts:view
GET	/api/v1/storylines/:story_id	authenticated-perm	alerts:view
GET	/api/v1/storylines/stats	authenticated-perm	alerts:view
GET	/api/v1/system-config/alert	authenticated-perm	system_config:view
GET	/api/v1/system-config/kubernetes-image	authenticated-perm	system_config:view
GET	/api/v1/system-config/site	public	-
GET	/api/v1/system/backup-config	authenticated-perm	operations:view
GET	/api/v1/system/backups	authenticated-perm	operations:view
GET	/api/v1/system/backups/:id/download	authenticated-perm	operations:view
GET	/api/v1/system/migration/jobs	authenticated-perm	operations:view
GET	/api/v1/system/migration/jobs/:id	authenticated-perm	operations:view
GET	/api/v1/system/version	public	-
GET	/api/v1/tasks	authenticated-perm	baseline:view
GET	/api/v1/tasks/:task_id	authenticated-perm	baseline:view
GET	/api/v1/tasks/:task_id/checks	authenticated-perm	baseline:view
GET	/api/v1/tasks/:task_id/host-status	authenticated-perm	baseline:view
GET	/api/v1/threat-intel/ioc-source	authenticated-perm	detection:view
GET	/api/v1/threat-intel/iocs	authenticated-perm	detection:view
GET	/api/v1/threat-intel/local-iocs	authenticated-perm	detection:view
GET	/api/v1/threat-intel/local-iocs/stats	authenticated-perm	detection:view
GET	/api/v1/threat-intel/schedules	authenticated-perm	detection:view
GET	/api/v1/threat-intel/schedules/:id/executions	authenticated-perm	detection:view
GET	/api/v1/threat-intel/stats	authenticated-perm	detection:view
GET	/api/v1/threat-intel/sync-history	authenticated-perm	detection:view
GET	/api/v1/threat-intel/sync-status	authenticated-perm	detection:view
GET	/api/v1/users	authenticated-perm	user_manage:view
GET	/api/v1/users/:id	authenticated-perm	user_manage:view
GET	/api/v1/v2/honeypot/events	authenticated-perm	operations:view
GET	/api/v1/v2/honeypot/sensors	authenticated-perm	operations:view
GET	/api/v1/vex/:product_id	authenticated-perm	vuln:view
GET	/api/v1/vex/:product_id/csaf	authenticated-perm	vuln:view
GET	/api/v1/vex/:product_id/cyclonedx	authenticated-perm	vuln:view
GET	/api/v1/vex/:product_id/statements	authenticated-perm	vuln:view
GET	/api/v1/vuln-bulletins	authenticated-perm	vuln:view
GET	/api/v1/vuln-bulletins/:id	authenticated-perm	vuln:view
GET	/api/v1/vuln-bulletins/config	authenticated-perm	vuln:view
GET	/api/v1/vuln-bulletins/statistics	authenticated-perm	vuln:view
GET	/api/v1/vuln-data-sources	authenticated-perm	vuln:view
GET	/api/v1/vulnerabilities	authenticated-perm	vuln:view
GET	/api/v1/vulnerabilities/:id	authenticated-perm	vuln:view
GET	/api/v1/vulnerabilities/:id/advice	authenticated-perm	vuln:view
GET	/api/v1/vulnerabilities/cache/imports	authenticated-perm	vuln:view
GET	/api/v1/vulnerabilities/cache/stats	authenticated-perm	vuln:view
GET	/api/v1/vulnerabilities/export-by-owner	authenticated-perm	vuln:view
GET	/api/v1/vulnerabilities/scan-history	authenticated-perm	vuln:view
GET	/api/v1/vulnerabilities/scan-history/:id	authenticated-perm	vuln:view
GET	/api/v1/vulnerabilities/scan-status	authenticated-perm	vuln:view
GET	/api/v1/vulnerabilities/scan-tasks	authenticated-perm	vuln:view
GET	/api/v1/vulnerabilities/scan-tasks/:task_id	authenticated-perm	vuln:view
GET	/api/v1/vulnerabilities/schedules	authenticated-perm	vuln:view
GET	/api/v1/vulnerabilities/schedules/:id/executions	authenticated-perm	vuln:view
GET	/api/v1/vulnerabilities/schedules/executions/:execId	authenticated-perm	vuln:view
GET	/api/v1/vulnerabilities/stats/asset-type	authenticated-perm	vuln:view
GET	/api/v1/vulnerabilities/stats/priority	authenticated-perm	vuln:view
GET	/api/v1/vulnerabilities/stats/remediation	authenticated-perm	vuln:view
GET	/api/v1/vulnerabilities/stats/trend	authenticated-perm	vuln:view
GET	/api/v2/config/change-requests	admin	-
GET	/api/v2/config/change-requests/:id	admin	-
GET	/api/v2/config/change-requests/sensitivity	admin	-
GET	/api/v2/system/mode	authenticated-basic	-
GET	/health	public	-
GET	/health/ready	public	-
GET	/metrics	public	-
GET	/uploads/*filepath	public	-
HEAD	/api/v1/dependency/download/:name	public	-
HEAD	/api/v1/plugins/download/:name	public	-
HEAD	/health	public	-
HEAD	/health/ready	public	-
HEAD	/uploads/*filepath	public	-
POST	/api/v1/alerts/:id/ignore	authenticated-perm	alerts:respond
POST	/api/v1/alerts/:id/resolve	authenticated-perm	alerts:respond
POST	/api/v1/alerts/batch/delete	authenticated-perm	alerts:manage
POST	/api/v1/alerts/batch/ignore	authenticated-perm	alerts:respond
POST	/api/v1/alerts/batch/resolve	authenticated-perm	alerts:respond
POST	/api/v1/alerts/whitelist	authenticated-perm	alerts:manage
POST	/api/v1/alerts/whitelist/suggestions/:id/adopt	authenticated-perm	alerts:manage
POST	/api/v1/alerts/whitelist/suggestions/:id/dismiss	authenticated-perm	alerts:manage
POST	/api/v1/alerts/whitelist/suggestions/:id/revoke	authenticated-perm	alerts:manage
POST	/api/v1/anomalies/mode	authenticated-perm	alerts:manage
POST	/api/v1/antivirus/results/:id/delete-file	authenticated-perm	virus:manage
POST	/api/v1/antivirus/results/:id/ignore	authenticated-perm	virus:respond
POST	/api/v1/antivirus/results/:id/quarantine	authenticated-perm	virus:respond
POST	/api/v1/antivirus/tasks	authenticated-perm	virus:manage
POST	/api/v1/antivirus/tasks/:id/cancel	authenticated-perm	virus:manage
POST	/api/v1/antivirus/virus-db/sync	authenticated-perm	virus:manage
POST	/api/v1/auth/change-password	authenticated-basic	-
POST	/api/v1/auth/login	public	-
POST	/api/v1/auth/login-precheck	public	-
POST	/api/v1/auth/logout	public	-
POST	/api/v1/business-lines	authenticated-perm	assets:manage
POST	/api/v1/components	authenticated-perm	operations:manage
POST	/api/v1/components/:id/versions	authenticated-perm	operations:manage
POST	/api/v1/components/:id/versions/:version_id/packages	authenticated-perm	operations:manage
POST	/api/v1/components/agent/push-update	authenticated-perm	operations:manage
POST	/api/v1/components/plugins/broadcast	authenticated-perm	operations:manage
POST	/api/v1/components/plugins/sync-latest	authenticated-perm	operations:manage
POST	/api/v1/detection-rules	authenticated-perm	detection:manage
POST	/api/v1/detection-rules/:id/demote	authenticated-perm	detection:manage
POST	/api/v1/detection-rules/:id/promote	authenticated-perm	detection:manage
POST	/api/v1/detection-rules/:id/toggle	authenticated-perm	detection:manage
POST	/api/v1/fim/baselines/:id/approve	authenticated-perm	fim:manage
POST	/api/v1/fim/baselines/:id/reject	authenticated-perm	fim:manage
POST	/api/v1/fim/baselines/batch-approve	authenticated-perm	fim:manage
POST	/api/v1/fim/events/:id/confirm	authenticated-perm	fim:manage
POST	/api/v1/fim/events/batch-confirm	authenticated-perm	fim:manage
POST	/api/v1/fim/policies	authenticated-perm	fim:manage
POST	/api/v1/fim/tasks	authenticated-perm	fim:manage
POST	/api/v1/fim/tasks/:id/run	authenticated-perm	fim:manage
POST	/api/v1/fix-tasks	authenticated-perm	baseline:manage
POST	/api/v1/fix-tasks/:task_id/cancel	authenticated-perm	baseline:manage
POST	/api/v1/host-vulnerabilities/:id/precheck	authenticated-perm	vuln:manage
POST	/api/v1/host-vulnerabilities/precheck-all-online	authenticated-perm	vuln:manage
POST	/api/v1/hosts/:host_id/precheck-all	authenticated-perm	assets:manage
POST	/api/v1/hosts/batch-delete	authenticated-perm	assets:manage
POST	/api/v1/hosts/batch-update-business-line	authenticated-perm	assets:manage
POST	/api/v1/hosts/batch-update-tags	authenticated-perm	assets:manage
POST	/api/v1/hosts/dependency/install	authenticated-perm	operations:manage
POST	/api/v1/hosts/dependency/status	authenticated-perm	operations:manage
POST	/api/v1/hosts/isolate	authenticated-perm	operations:manage
POST	/api/v1/hosts/release	authenticated-perm	operations:manage
POST	/api/v1/hosts/restart-agent	authenticated-perm	operations:manage
POST	/api/v1/hunting/queries	authenticated-perm	detection:manage
POST	/api/v1/hunting/query	authenticated-perm	detection:manage
POST	/api/v1/images/registries	authenticated-perm	vuln:manage
POST	/api/v1/images/registries/:id/scan	authenticated-perm	vuln:manage
POST	/api/v1/images/scan	authenticated-perm	vuln:manage
POST	/api/v1/incidents/:id/ack	authenticated-perm	alerts:manage
POST	/api/v1/incidents/:id/assign	authenticated-perm	alerts:manage
POST	/api/v1/incidents/:id/comments	authenticated-perm	alerts:manage
POST	/api/v1/incidents/:id/escalate	authenticated-perm	alerts:manage
POST	/api/v1/incidents/:id/resolve	authenticated-perm	alerts:respond
POST	/api/v1/internal/ac/heartbeat	internal	-
POST	/api/v1/internal/ac/register	internal	-
POST	/api/v1/internal/alerts/prometheus	internal	-
POST	/api/v1/kube/alarms/:id/process	authenticated-perm	kube:manage
POST	/api/v1/kube/alarms/batch-ignore	authenticated-perm	kube:manage
POST	/api/v1/kube/alarms/batch-process	authenticated-perm	kube:manage
POST	/api/v1/kube/audit-webhook/:cluster_token	public	-
POST	/api/v1/kube/baseline-alerts/:id/ignore	authenticated-perm	kube:manage
POST	/api/v1/kube/baseline-alerts/batch-ignore	authenticated-perm	kube:manage
POST	/api/v1/kube/baseline-rules	authenticated-perm	kube:manage
POST	/api/v1/kube/baseline-rules/expression-templates	authenticated-perm	kube:manage
POST	/api/v1/kube/baseline-rules/import	authenticated-perm	kube:manage
POST	/api/v1/kube/baseline-rules/validate-expression	authenticated-perm	kube:manage
POST	/api/v1/kube/baseline/detect	authenticated-perm	kube:manage
POST	/api/v1/kube/clusters	authenticated-perm	kube:manage
POST	/api/v1/kube/clusters/:id/regenerate-token	authenticated-perm	kube:manage
POST	/api/v1/kube/clusters/:id/scanner/install	authenticated-perm	kube:manage
POST	/api/v1/kube/clusters/:id/scanner/sync	authenticated-perm	kube:manage
POST	/api/v1/kube/events/:id/handle	authenticated-perm	kube:manage
POST	/api/v1/kube/scanner/report-webhook/:cluster_token	public	-
POST	/api/v1/kube/whitelist	authenticated-perm	kube:manage
POST	/api/v1/monitor/service-alerts/:id/ack	authenticated-perm	monitoring:manage
POST	/api/v1/network-block/rules	authenticated-perm	operations:manage
POST	/api/v1/network-block/rules/:id/remove	authenticated-perm	operations:manage
POST	/api/v1/notifications	authenticated-perm	system_config:manage
POST	/api/v1/notifications/test	authenticated-perm	system_config:manage
POST	/api/v1/oncall/shifts	authenticated-perm	alerts:manage
POST	/api/v1/policies	authenticated-perm	baseline:manage
POST	/api/v1/policies/:policy_id/rules	authenticated-perm	baseline:manage
POST	/api/v1/policies/batch/delete	authenticated-perm	baseline:manage
POST	/api/v1/policies/batch/enable	authenticated-perm	baseline:manage
POST	/api/v1/policies/batch/export	authenticated-perm	baseline:manage
POST	/api/v1/policies/import	authenticated-perm	baseline:manage
POST	/api/v1/policy-groups	authenticated-perm	baseline:manage
POST	/api/v1/quarantine/files/:id/restore	authenticated-perm	virus:respond
POST	/api/v1/quarantine/files/batch-delete	authenticated-perm	virus:respond
POST	/api/v1/rbac/roles	authenticated-perm	user_manage:manage
POST	/api/v1/remediation-policies	authenticated-perm	vuln:manage
POST	/api/v1/remediation-policies/:id/execute	authenticated-perm	vuln:manage
POST	/api/v1/remediation-policies/:id/preview	authenticated-perm	vuln:manage
POST	/api/v1/remediation-tasks	authenticated-perm	vuln:manage
POST	/api/v1/remediation-tasks/:id/cancel	authenticated-perm	vuln:manage
POST	/api/v1/remediation-tasks/:id/confirm	authenticated-perm	vuln:manage
POST	/api/v1/remediation-tasks/:id/confirm-executed	authenticated-perm	vuln:manage
POST	/api/v1/remediation-tasks/:id/retry	authenticated-perm	vuln:manage
POST	/api/v1/remediation-tasks/:id/verify	authenticated-perm	vuln:manage
POST	/api/v1/remediation-tasks/batch	authenticated-perm	vuln:manage
POST	/api/v1/remediation-tasks/batch-cancel	authenticated-perm	vuln:manage
POST	/api/v1/remediation-tasks/batch-confirm	authenticated-perm	vuln:manage
POST	/api/v1/remediation-tasks/batch-retry	authenticated-perm	vuln:manage
POST	/api/v1/remediation-tasks/host-batch	authenticated-perm	vuln:manage
POST	/api/v1/remediation-tasks/host-update	authenticated-perm	vuln:manage
POST	/api/v1/response-actions/:id/approve	authenticated-perm	alerts:manage
POST	/api/v1/response-actions/:id/execute	authenticated-perm	alerts:manage
POST	/api/v1/response-actions/:id/reject	authenticated-perm	alerts:manage
POST	/api/v1/response-actions/:id/rollback	authenticated-perm	alerts:manage
POST	/api/v1/rootkit/findings/:id/resolve	authenticated-perm	virus:respond
POST	/api/v1/rootkit/scan	authenticated-perm	virus:manage
POST	/api/v1/sbom/import	authenticated-perm	vuln:manage
POST	/api/v1/storylines/:story_id/resolve	authenticated-perm	alerts:respond
POST	/api/v1/system-config/upload-logo	authenticated-perm	system_config:manage
POST	/api/v1/system/backups	authenticated-perm	operations:manage
POST	/api/v1/system/backups/:id/restore	authenticated-perm	operations:manage
POST	/api/v1/system/migration/jobs	authenticated-perm	operations:manage
POST	/api/v1/system/migration/jobs/:id/cancel	authenticated-perm	operations:manage
POST	/api/v1/system/migration/test-connection	authenticated-perm	operations:manage
POST	/api/v1/tasks	authenticated-perm	baseline:manage
POST	/api/v1/tasks/:task_id/cancel	authenticated-perm	baseline:manage
POST	/api/v1/tasks/:task_id/run	authenticated-perm	baseline:manage
POST	/api/v1/threat-intel/check	authenticated-perm	detection:manage
POST	/api/v1/threat-intel/confirm-threat/:alert_id	authenticated-perm	detection:manage
POST	/api/v1/threat-intel/local-iocs	authenticated-perm	detection:manage
POST	/api/v1/threat-intel/schedules	authenticated-perm	detection:manage
POST	/api/v1/threat-intel/schedules/:id/run	authenticated-perm	detection:manage
POST	/api/v1/threat-intel/schedules/:id/toggle	authenticated-perm	detection:manage
POST	/api/v1/threat-intel/sync	authenticated-perm	detection:manage
POST	/api/v1/users	authenticated-perm	user_manage:manage
POST	/api/v1/v2/honeypot/sensors	authenticated-perm	operations:manage
POST	/api/v1/v2/honeypot/sensors/:id/stop	authenticated-perm	operations:manage
POST	/api/v1/vuln-bulletins/batch	authenticated-perm	vuln:manage
POST	/api/v1/vuln-data-sources/:id/sync	authenticated-perm	vuln:manage
POST	/api/v1/vuln-data-sources/:id/test	authenticated-perm	vuln:manage
POST	/api/v1/vulnerabilities/:id/ignore	authenticated-perm	vuln:manage
POST	/api/v1/vulnerabilities/:id/patch	authenticated-perm	vuln:manage
POST	/api/v1/vulnerabilities/:id/unignore	authenticated-perm	vuln:manage
POST	/api/v1/vulnerabilities/:id/verify	authenticated-perm	vuln:manage
POST	/api/v1/vulnerabilities/advisory-sync	authenticated-perm	vuln:manage
POST	/api/v1/vulnerabilities/cache/import	authenticated-perm	vuln:manage
POST	/api/v1/vulnerabilities/cache/purge	authenticated-perm	vuln:manage
POST	/api/v1/vulnerabilities/scan	authenticated-perm	vuln:manage
POST	/api/v1/vulnerabilities/schedules	authenticated-perm	vuln:manage
POST	/api/v1/vulnerabilities/schedules/:id/toggle	authenticated-perm	vuln:manage
POST	/api/v1/vulnerabilities/sync	authenticated-perm	vuln:manage
POST	/api/v2/config/change-requests	admin	-
POST	/api/v2/config/change-requests/:id/approve	admin	-
POST	/api/v2/config/change-requests/:id/cancel	admin	-
POST	/api/v2/config/change-requests/:id/reject	admin	-
PUT	/api/v1/alerts/whitelist/:id	authenticated-perm	alerts:manage
PUT	/api/v1/anomalies/:id/resolve	authenticated-perm	alerts:respond
PUT	/api/v1/business-lines/:id	authenticated-perm	assets:manage
PUT	/api/v1/components/:id/versions/:version_id/set-latest	authenticated-perm	operations:manage
PUT	/api/v1/detection-rules/:id	authenticated-perm	detection:manage
PUT	/api/v1/feature-flags/:key	authenticated-perm	system_config:manage
PUT	/api/v1/fim/policies/:id	authenticated-perm	fim:manage
PUT	/api/v1/hosts/:host_id/business-line	authenticated-perm	assets:manage
PUT	/api/v1/hosts/:host_id/tags	authenticated-perm	assets:manage
PUT	/api/v1/images/registries/:id	authenticated-perm	vuln:manage
PUT	/api/v1/kube/baseline-rules/:id	authenticated-perm	kube:manage
PUT	/api/v1/kube/baseline-rules/:id/toggle	authenticated-perm	kube:manage
PUT	/api/v1/kube/baseline-rules/expression-templates/:id	authenticated-perm	kube:manage
PUT	/api/v1/kube/clusters/:id	authenticated-perm	kube:manage
PUT	/api/v1/kube/clusters/:id/gcp-config	authenticated-perm	kube:manage
PUT	/api/v1/kube/whitelist/:id	authenticated-perm	kube:manage
PUT	/api/v1/memory-threats/:id/resolve	authenticated-perm	virus:respond
PUT	/api/v1/notifications/:id	authenticated-perm	system_config:manage
PUT	/api/v1/policies/:policy_id	authenticated-perm	baseline:manage
PUT	/api/v1/policy-groups/:id	authenticated-perm	baseline:manage
PUT	/api/v1/rbac/roles/:role/permissions	authenticated-perm	user_manage:manage
PUT	/api/v1/remediation-policies/:id	authenticated-perm	vuln:manage
PUT	/api/v1/retention-policies/:ch_table	authenticated-perm	system_config:manage
PUT	/api/v1/rules/:rule_id	authenticated-perm	baseline:manage
PUT	/api/v1/system-config/alert	authenticated-perm	system_config:manage
PUT	/api/v1/system-config/kubernetes-image	authenticated-perm	system_config:manage
PUT	/api/v1/system-config/site	authenticated-perm	system_config:manage
PUT	/api/v1/system/backup-config	authenticated-perm	operations:manage
PUT	/api/v1/threat-intel/schedules/:id	authenticated-perm	detection:manage
PUT	/api/v1/users/:id	authenticated-perm	user_manage:manage
PUT	/api/v1/vuln-bulletins/:id/acknowledge	authenticated-perm	vuln:manage
PUT	/api/v1/vuln-bulletins/:id/ignore	authenticated-perm	vuln:manage
PUT	/api/v1/vuln-bulletins/:id/reopen	authenticated-perm	vuln:manage
PUT	/api/v1/vuln-bulletins/:id/resolve	authenticated-perm	vuln:manage
PUT	/api/v1/vuln-bulletins/config	authenticated-perm	vuln:manage
PUT	/api/v1/vuln-data-sources/:id	authenticated-perm	vuln:manage
PUT	/api/v1/vulnerabilities/:id/category	authenticated-perm	vuln:manage
PUT	/api/v1/vulnerabilities/schedules/:id	authenticated-perm	vuln:manage
